---
source: src/parser/markup.rs
expression: markup(&mut parser)
---
Some(
    Styled {
        content: [
            Content(
                "hElLo",
            ),
        ],
        style: Style {
            foreground: Some(
                Red,
            ),
            background: None,
            decoration: None,
        },
    },
)
