---
source: src/parser/text.rs
expression: text(&mut parser)
---
Some(
    Tokens(
        [
            Styled {
                content: [],
                style: Style {
                    foreground: Some(
                        Red,
                    ),
                    background: None,
                    decoration: None,
                },
            },
        ],
    ),
)
