---
source: src/parser/text.rs
expression: text(&mut parser)
---
Some(
    Tokens(
        [
            Styled {
                content: [
                    Content(
                        "content",
                    ),
                ],
                style: Style {
                    foreground: Some(
                        Red,
                    ),
                    background: None,
                    decoration: None,
                },
            },
            Content(
                " trailing",
            ),
        ],
    ),
)
