---
source: src/lexer.rs
expression: tokens
---
[
    Lexeme {
        kind: ForegroundSpecifier,
        text: "fg",
        span: 0..2,
    },
    Lexeme {
        kind: Colon,
        text: ":",
        span: 2..3,
    },
    Lexeme {
        kind: Color,
        text: "blue",
        span: 3..7,
    },
]
