---
source: src/parser.rs
description: "[fg:red](content) trailing"
---
[
    Styled {
        content: [
            Content(
                "content",
            ),
        ],
        style: Style {
            foreground: Some(
                Red,
            ),
            background: None,
            decoration: None,
        },
    },
    Content(
        " trailing",
    ),
]
