---
source: src/parser.rs
description: "[fg:red](before ) after)"
---
[
    Styled {
        content: [
            Content(
                "before ",
            ),
        ],
        style: Style {
            foreground: Some(
                Red,
            ),
            background: None,
            decoration: None,
        },
    },
    Content(
        " after",
    ),
]
