---
source: src/parser.rs
description: before ) after
---
[
    Error {
        span: Some(
            7..8,
        ),
        at: ParenthesisClose,
        reason: UnescapedControlCharacter(
            ')',
        ),
    },
]
