---
source: src/parser.rs
description: "before \\a after"
---
[
    Content(
        "before  after",
    ),
]
