---
source: src/lexer.rs
expression: tokens
---
[
    Lexeme {
        kind: BackgroundSpecifier,
        text: "bg",
        span: 0..2,
    },
    Lexeme {
        kind: Colon,
        text: ":",
        span: 2..3,
    },
    Lexeme {
        kind: Color,
        text: "magenta",
        span: 3..10,
    },
]
