---
source: src/parser.rs
description: "leading [fg:red](content)"
---
[
    Content(
        "leading ",
    ),
    Styled {
        content: [
            Content(
                "content",
            ),
        ],
        style: Style {
            foreground: Some(
                Red,
            ),
            background: None,
            decoration: None,
        },
    },
]
