---
source: src/parser.rs
description: "[fg:red](before \\a after)"
---
[
    Styled {
        content: [
            Content(
                "before  after",
            ),
        ],
        style: Style {
            foreground: Some(
                Red,
            ),
            background: None,
            decoration: None,
        },
    },
]
