---
source: src/parser.rs
description: before ( after
---
[
    Error {
        span: Some(
            7..8,
        ),
        at: ParenthesisOpen,
        reason: UnescapedControlCharacter(
            '(',
        ),
    },
]
