---
source: src/parser.rs
description: before ( after
---
[
    Content(
        "before  after",
    ),
]
