---
source: src/parser.rs
description: "[fg:red]()"
---
[
    Styled {
        content: [],
        style: Style {
            foreground: Some(
                Red,
            ),
            background: None,
            decoration: None,
        },
    },
]
