---
source: src/parser.rs
description: "[fg:red](before ] after)"
---
[
    Content(
        " after",
    ),
]
