---
source: src/parser.rs
description: "[fg:red](before ( after)"
---
[
    Error {
        span: Some(
            16..17,
        ),
        at: ParenthesisOpen,
        reason: Expected(
            [
                ParenthesisClose,
            ],
        ),
    },
    Error {
        span: Some(
            16..17,
        ),
        at: ParenthesisOpen,
        reason: UnescapedControlCharacter(
            '(',
        ),
    },
    Error {
        span: Some(
            23..24,
        ),
        at: ParenthesisClose,
        reason: UnescapedControlCharacter(
            ')',
        ),
    },
]
